<html>
<head>
<link rel=stylesheet href=style.css>
<title>Title</title>
</head>
<body>
<h1>Example Html Page</h1>
<script src=script.js></script>
<script> alert("an alert"); </script>
<p>
This is an example.
<b>bold text</b>
</p>
</body>
</html>
<!-- Processed through ngx_pagespeed using PSOL version 0.10.0.0 -->
